// Jest Snapshot v1, https://goo.gl/fbAQLP

exports[`Unit test for Input component snapshot 1`] = `
<input
  className="sc-AxjAm knKJQz"
  defaultValue=""
  onChange={[Function]}
  placeholder=""
  required={false}
/>
`;
