// Jest Snapshot v1, https://goo.gl/fbAQLP

exports[`Unit test for IssueList component snapshot 1`] = `
<div
  className="sc-AxjAm iptBje"
  style={
    Object {
      "visibility": "hidden",
    }
  }
  type={0}
>
  <p
    className="sc-AxirZ dlbijh"
  >
    task
  </p>
</div>
`;
